<testsuites id="" name="" tests="1" failures="0" skipped="0" errors="0" time="57.100152">
<testsuite name="e2e\student-onboarding.spec.ts" timestamp="2025-10-07T09:37:03.266Z" hostname="chromium" tests="1" failures="0" skipped="0" time="55.51" errors="0">
<testcase name="Add a new student" classname="e2e\student-onboarding.spec.ts" time="55.51">
</testcase>
</testsuite>
</testsuites>